-6 --illumina1.3+  ::  
quality is in the Illumina-1.3+ encoding

-A --count-orphans  ::  
do not discard anomalous read pairs

-b --bam-list  ::  FILE
list of input BAM filenames, one per line

-B --no-BAQ  ::  
disable BAQ (per-Base Alignment Quality)

-C --adjust-MQ  ::  INT
adjust mapping quality; recommended:50, disable:0 [0]

-d --max-depth  ::  INT
max raw per-file depth; avoids excessive memory usage [250]

-E --redo-BAQ  ::  
recalculate BAQ on the fly, ignore existing BQs

-f --fasta-ref  ::  FILE
faidx indexed reference sequence file

--no-reference  ::  
do not require fasta reference file

-G --read-groups  ::  FILE
select or exclude read groups listed in the file

-q --min-MQ  ::  INT
skip alignments with mapQ smaller than INT [0]

-Q --min-BQ  ::  INT
skip bases with baseQ/BAQ smaller than INT [13]

-r --regions  ::  REG
comma separated list of regions in which pileup is generated

-r --regions  ::  REG,...
comma separated list of regions in which pileup is generated

-R --regions-file  ::  FILE
restrict to regions listed in a file

--ignore-RG  ::  
ignore RG tags (one BAM = one sample)

--rf --incl-flags  ::  STR|INT
required flags: skip reads with mask bits unset []

--ff --excl-flags  ::  STR|INT
filter flags: skip reads with mask bits set

-s --samples  ::  LIST
comma separated list of samples to include

-S --samples-file  ::  FILE
file of samples to include

-t --targets  ::  REG
similar to -r but streams rather than index-jumps

-t --targets  ::  REG,...
similar to -r but streams rather than index-jumps

-T --targets-file  ::  FILE
similar to -R but streams rather than index-jumps

-x --ignore-overlaps  ::  
disable read-pair overlap detection

-a --annotate  ::  LIST
optional tags to output; '?' to list []

-g --gvcf  ::  INT[,...]
group non-variant sites into gVCF blocks according to minimum per-sample DP

--no-version  ::  
do not append version and command line to the header

-o --output  ::  FILE
write output to FILE [standard output]

-O --output-type  ::  TYPE
'b' compressed BCF; 'u' uncompressed BCF; 'z' compressed VCF; 'v' uncompressed VCF [v]

--threads  ::  INT
use multithreading with INT worker threads [0]

-e --ext-prob  ::  INT
Phred-scaled gap extension seq error probability [20]

-F --gap-frac  ::  FLOAT
minimum fraction of gapped reads [0.002]

-h --tandem-qual  ::  INT
coefficient for homopolymer errors [100]

-I --skip-indels  ::  
do not perform indel calling

-L --max-idepth  ::  INT
maximum per-file depth for INDEL calling [250]

-m --min-ireads  ::  INT
minimum number gapped reads for indel candidates [1]

-o --open-prob  ::  INT
Phred-scaled gap open seq error probability [40]

-p --per-sample-mF  ::  
apply -m and -F per-sample for increased sensitivity

-P --platforms  ::  STR
comma separated list of platforms for indels [all]

