-c --command  ::  <string>
Extract CLI options from the help texts or man pages associated with the command. Subcommand pages are also scanned automatically.

-f --file  ::  <file>
Extract CLI options form the text file.

-s --subcommand  ::  <string-string>
Extract CLI options from the subcommand-specific help text or man page. Enter a command-subcommand pair, like git-log, as the argument.

--loadjson  ::  <file>
Load JSON file in Command schema.

--format  ::  {bash|zsh|fish|json|native}
Select output format of the completion script (bash|zsh|fish|json|native) (default: "native")

--json  ::  
[Deprecated] Show parsed results in JSON. Use --format json instead.

--convert-tabs-to-spaces  ::  
[Test only] Convert tabs to spaces

--list-subcommands  ::  
List subcommands

--debug  ::  
[Test only] Run preprocessing only (for debugging)

--shallow  ::  
Don't scan subcommands. Applies only for file input.

--version  ::  
Show version

-h --help  ::  
Show this help text

